// Jest Snapshot v1, https://goo.gl/fbAQLP

exports[`HomeComponent must be equal to snapshot 1`] = `
<div
  id="root1"
>
  <img
    alt="superheroes"
    src="assets/img/funko_3.jpg"
  />
  <h3>
    en.HOME.TEXT
  </h3>
  <img
    alt="superheroes2"
    src="assets/img/funko_2.jpg"
  />
</div>
`;
